// Jest Snapshot v1, https://goo.gl/fbAQLP

exports[`Filter should match the snapshot 1`] = `
ShallowWrapper {
  Symbol(enzyme.__root__): [Circular],
  Symbol(enzyme.__unrendered__): <Filter
    relevantArticles={Array []}
  />,
  Symbol(enzyme.__renderer__): Object {
    "batchedUpdates": [Function],
    "getNode": [Function],
    "render": [Function],
    "simulateError": [Function],
    "simulateEvent": [Function],
    "unmount": [Function],
  },
  Symbol(enzyme.__node__): Object {
    "instance": null,
    "key": undefined,
    "nodeType": "host",
    "props": Object {
      "children": Array [
        <select
          id="filter-select"
          name="filter-select"
          onChange={[Function]}
        >
          <option
            value=""
          >
            Select a different topic to gather articles
          </option>
          <option
            value="anxiety"
          >
            Anxiety
          </option>
          <option
            value="depression"
          >
            Depression
          </option>
          <option
            value="ADHD"
          >
            ADHD
          </option>
          <option
            value="autism"
          >
            Autism
          </option>
        </select>,
        <select
          id="source-select"
          name="source-select"
          onChange={[Function]}
        >
          <option
            value=""
          >
            Select a source to gather specific articles
          </option>
        </select>,
        <h2>
          Torcano
        </h2>,
      ],
      "className": "filter",
    },
    "ref": null,
    "rendered": Array [
      Object {
        "instance": null,
        "key": undefined,
        "nodeType": "host",
        "props": Object {
          "children": Array [
            <option
              value=""
            >
              Select a different topic to gather articles
            </option>,
            <option
              value="anxiety"
            >
              Anxiety
            </option>,
            <option
              value="depression"
            >
              Depression
            </option>,
            <option
              value="ADHD"
            >
              ADHD
            </option>,
            <option
              value="autism"
            >
              Autism
            </option>,
          ],
          "id": "filter-select",
          "name": "filter-select",
          "onChange": [Function],
        },
        "ref": null,
        "rendered": Array [
          Object {
            "instance": null,
            "key": undefined,
            "nodeType": "host",
            "props": Object {
              "children": "Select a different topic to gather articles",
              "value": "",
            },
            "ref": null,
            "rendered": "Select a different topic to gather articles",
            "type": "option",
          },
          Object {
            "instance": null,
            "key": undefined,
            "nodeType": "host",
            "props": Object {
              "children": "Anxiety",
              "value": "anxiety",
            },
            "ref": null,
            "rendered": "Anxiety",
            "type": "option",
          },
          Object {
            "instance": null,
            "key": undefined,
            "nodeType": "host",
            "props": Object {
              "children": "Depression",
              "value": "depression",
            },
            "ref": null,
            "rendered": "Depression",
            "type": "option",
          },
          Object {
            "instance": null,
            "key": undefined,
            "nodeType": "host",
            "props": Object {
              "children": "ADHD",
              "value": "ADHD",
            },
            "ref": null,
            "rendered": "ADHD",
            "type": "option",
          },
          Object {
            "instance": null,
            "key": undefined,
            "nodeType": "host",
            "props": Object {
              "children": "Autism",
              "value": "autism",
            },
            "ref": null,
            "rendered": "Autism",
            "type": "option",
          },
        ],
        "type": "select",
      },
      Object {
        "instance": null,
        "key": undefined,
        "nodeType": "host",
        "props": Object {
          "children": Array [
            <option
              value=""
            >
              Select a source to gather specific articles
            </option>,
            Array [],
          ],
          "id": "source-select",
          "name": "source-select",
          "onChange": [Function],
        },
        "ref": null,
        "rendered": Array [
          Object {
            "instance": null,
            "key": undefined,
            "nodeType": "host",
            "props": Object {
              "children": "Select a source to gather specific articles",
              "value": "",
            },
            "ref": null,
            "rendered": "Select a source to gather specific articles",
            "type": "option",
          },
        ],
        "type": "select",
      },
      Object {
        "instance": null,
        "key": undefined,
        "nodeType": "host",
        "props": Object {
          "children": "Torcano",
        },
        "ref": null,
        "rendered": "Torcano",
        "type": "h2",
      },
    ],
    "type": "div",
  },
  Symbol(enzyme.__nodes__): Array [
    Object {
      "instance": null,
      "key": undefined,
      "nodeType": "host",
      "props": Object {
        "children": Array [
          <select
            id="filter-select"
            name="filter-select"
            onChange={[Function]}
          >
            <option
              value=""
            >
              Select a different topic to gather articles
            </option>
            <option
              value="anxiety"
            >
              Anxiety
            </option>
            <option
              value="depression"
            >
              Depression
            </option>
            <option
              value="ADHD"
            >
              ADHD
            </option>
            <option
              value="autism"
            >
              Autism
            </option>
          </select>,
          <select
            id="source-select"
            name="source-select"
            onChange={[Function]}
          >
            <option
              value=""
            >
              Select a source to gather specific articles
            </option>
          </select>,
          <h2>
            Torcano
          </h2>,
        ],
        "className": "filter",
      },
      "ref": null,
      "rendered": Array [
        Object {
          "instance": null,
          "key": undefined,
          "nodeType": "host",
          "props": Object {
            "children": Array [
              <option
                value=""
              >
                Select a different topic to gather articles
              </option>,
              <option
                value="anxiety"
              >
                Anxiety
              </option>,
              <option
                value="depression"
              >
                Depression
              </option>,
              <option
                value="ADHD"
              >
                ADHD
              </option>,
              <option
                value="autism"
              >
                Autism
              </option>,
            ],
            "id": "filter-select",
            "name": "filter-select",
            "onChange": [Function],
          },
          "ref": null,
          "rendered": Array [
            Object {
              "instance": null,
              "key": undefined,
              "nodeType": "host",
              "props": Object {
                "children": "Select a different topic to gather articles",
                "value": "",
              },
              "ref": null,
              "rendered": "Select a different topic to gather articles",
              "type": "option",
            },
            Object {
              "instance": null,
              "key": undefined,
              "nodeType": "host",
              "props": Object {
                "children": "Anxiety",
                "value": "anxiety",
              },
              "ref": null,
              "rendered": "Anxiety",
              "type": "option",
            },
            Object {
              "instance": null,
              "key": undefined,
              "nodeType": "host",
              "props": Object {
                "children": "Depression",
                "value": "depression",
              },
              "ref": null,
              "rendered": "Depression",
              "type": "option",
            },
            Object {
              "instance": null,
              "key": undefined,
              "nodeType": "host",
              "props": Object {
                "children": "ADHD",
                "value": "ADHD",
              },
              "ref": null,
              "rendered": "ADHD",
              "type": "option",
            },
            Object {
              "instance": null,
              "key": undefined,
              "nodeType": "host",
              "props": Object {
                "children": "Autism",
                "value": "autism",
              },
              "ref": null,
              "rendered": "Autism",
              "type": "option",
            },
          ],
          "type": "select",
        },
        Object {
          "instance": null,
          "key": undefined,
          "nodeType": "host",
          "props": Object {
            "children": Array [
              <option
                value=""
              >
                Select a source to gather specific articles
              </option>,
              Array [],
            ],
            "id": "source-select",
            "name": "source-select",
            "onChange": [Function],
          },
          "ref": null,
          "rendered": Array [
            Object {
              "instance": null,
              "key": undefined,
              "nodeType": "host",
              "props": Object {
                "children": "Select a source to gather specific articles",
                "value": "",
              },
              "ref": null,
              "rendered": "Select a source to gather specific articles",
              "type": "option",
            },
          ],
          "type": "select",
        },
        Object {
          "instance": null,
          "key": undefined,
          "nodeType": "host",
          "props": Object {
            "children": "Torcano",
          },
          "ref": null,
          "rendered": "Torcano",
          "type": "h2",
        },
      ],
      "type": "div",
    },
  ],
  Symbol(enzyme.__options__): Object {
    "adapter": ReactSixteenAdapter {
      "options": Object {
        "enableComponentDidUpdateOnSetState": true,
        "lifecycles": Object {
          "componentDidUpdate": Object {
            "onSetState": true,
          },
          "getDerivedStateFromProps": true,
          "getSnapshotBeforeUpdate": true,
          "setState": Object {
            "skipsComponentDidUpdateOnNullish": true,
          },
        },
      },
    },
  },
}
`;
