// Jest Snapshot v1, https://goo.gl/fbAQLP

exports[`Landing should match the snapshot 1`] = `
ShallowWrapper {
  Symbol(enzyme.__root__): [Circular],
  Symbol(enzyme.__unrendered__): <Landing />,
  Symbol(enzyme.__renderer__): Object {
    "batchedUpdates": [Function],
    "getNode": [Function],
    "render": [Function],
    "simulateError": [Function],
    "simulateEvent": [Function],
    "unmount": [Function],
  },
  Symbol(enzyme.__node__): Object {
    "instance": null,
    "key": undefined,
    "nodeType": "host",
    "props": Object {
      "children": Array [
        <h1>
          Torcano
        </h1>,
        <p>
          Find the latest news from trusted sources on topics that affect your children, or see what is happening in the world today so you see what they see
        </p>,
        <select
          id="landing-select"
          name="landing-select"
          onChange={[Function]}
        >
          <option
            value=""
          >
            Select a topic to gather articles
          </option>
          <option
            value="Anxiety"
          >
            Anxiety
          </option>
          <option
            value="Depression"
          >
            Depression
          </option>
          <option
            value="ADHD"
          >
            ADHD
          </option>
          <option
            value="Autism"
          >
            Autism
          </option>
        </select>,
      ],
      "className": "landing",
    },
    "ref": null,
    "rendered": Array [
      Object {
        "instance": null,
        "key": undefined,
        "nodeType": "host",
        "props": Object {
          "children": "Torcano",
        },
        "ref": null,
        "rendered": "Torcano",
        "type": "h1",
      },
      Object {
        "instance": null,
        "key": undefined,
        "nodeType": "host",
        "props": Object {
          "children": "Find the latest news from trusted sources on topics that affect your children, or see what is happening in the world today so you see what they see",
        },
        "ref": null,
        "rendered": "Find the latest news from trusted sources on topics that affect your children, or see what is happening in the world today so you see what they see",
        "type": "p",
      },
      Object {
        "instance": null,
        "key": undefined,
        "nodeType": "host",
        "props": Object {
          "children": Array [
            <option
              value=""
            >
              Select a topic to gather articles
            </option>,
            <option
              value="Anxiety"
            >
              Anxiety
            </option>,
            <option
              value="Depression"
            >
              Depression
            </option>,
            <option
              value="ADHD"
            >
              ADHD
            </option>,
            <option
              value="Autism"
            >
              Autism
            </option>,
          ],
          "id": "landing-select",
          "name": "landing-select",
          "onChange": [Function],
        },
        "ref": null,
        "rendered": Array [
          Object {
            "instance": null,
            "key": undefined,
            "nodeType": "host",
            "props": Object {
              "children": "Select a topic to gather articles",
              "value": "",
            },
            "ref": null,
            "rendered": "Select a topic to gather articles",
            "type": "option",
          },
          Object {
            "instance": null,
            "key": undefined,
            "nodeType": "host",
            "props": Object {
              "children": "Anxiety",
              "value": "Anxiety",
            },
            "ref": null,
            "rendered": "Anxiety",
            "type": "option",
          },
          Object {
            "instance": null,
            "key": undefined,
            "nodeType": "host",
            "props": Object {
              "children": "Depression",
              "value": "Depression",
            },
            "ref": null,
            "rendered": "Depression",
            "type": "option",
          },
          Object {
            "instance": null,
            "key": undefined,
            "nodeType": "host",
            "props": Object {
              "children": "ADHD",
              "value": "ADHD",
            },
            "ref": null,
            "rendered": "ADHD",
            "type": "option",
          },
          Object {
            "instance": null,
            "key": undefined,
            "nodeType": "host",
            "props": Object {
              "children": "Autism",
              "value": "Autism",
            },
            "ref": null,
            "rendered": "Autism",
            "type": "option",
          },
        ],
        "type": "select",
      },
    ],
    "type": "div",
  },
  Symbol(enzyme.__nodes__): Array [
    Object {
      "instance": null,
      "key": undefined,
      "nodeType": "host",
      "props": Object {
        "children": Array [
          <h1>
            Torcano
          </h1>,
          <p>
            Find the latest news from trusted sources on topics that affect your children, or see what is happening in the world today so you see what they see
          </p>,
          <select
            id="landing-select"
            name="landing-select"
            onChange={[Function]}
          >
            <option
              value=""
            >
              Select a topic to gather articles
            </option>
            <option
              value="Anxiety"
            >
              Anxiety
            </option>
            <option
              value="Depression"
            >
              Depression
            </option>
            <option
              value="ADHD"
            >
              ADHD
            </option>
            <option
              value="Autism"
            >
              Autism
            </option>
          </select>,
        ],
        "className": "landing",
      },
      "ref": null,
      "rendered": Array [
        Object {
          "instance": null,
          "key": undefined,
          "nodeType": "host",
          "props": Object {
            "children": "Torcano",
          },
          "ref": null,
          "rendered": "Torcano",
          "type": "h1",
        },
        Object {
          "instance": null,
          "key": undefined,
          "nodeType": "host",
          "props": Object {
            "children": "Find the latest news from trusted sources on topics that affect your children, or see what is happening in the world today so you see what they see",
          },
          "ref": null,
          "rendered": "Find the latest news from trusted sources on topics that affect your children, or see what is happening in the world today so you see what they see",
          "type": "p",
        },
        Object {
          "instance": null,
          "key": undefined,
          "nodeType": "host",
          "props": Object {
            "children": Array [
              <option
                value=""
              >
                Select a topic to gather articles
              </option>,
              <option
                value="Anxiety"
              >
                Anxiety
              </option>,
              <option
                value="Depression"
              >
                Depression
              </option>,
              <option
                value="ADHD"
              >
                ADHD
              </option>,
              <option
                value="Autism"
              >
                Autism
              </option>,
            ],
            "id": "landing-select",
            "name": "landing-select",
            "onChange": [Function],
          },
          "ref": null,
          "rendered": Array [
            Object {
              "instance": null,
              "key": undefined,
              "nodeType": "host",
              "props": Object {
                "children": "Select a topic to gather articles",
                "value": "",
              },
              "ref": null,
              "rendered": "Select a topic to gather articles",
              "type": "option",
            },
            Object {
              "instance": null,
              "key": undefined,
              "nodeType": "host",
              "props": Object {
                "children": "Anxiety",
                "value": "Anxiety",
              },
              "ref": null,
              "rendered": "Anxiety",
              "type": "option",
            },
            Object {
              "instance": null,
              "key": undefined,
              "nodeType": "host",
              "props": Object {
                "children": "Depression",
                "value": "Depression",
              },
              "ref": null,
              "rendered": "Depression",
              "type": "option",
            },
            Object {
              "instance": null,
              "key": undefined,
              "nodeType": "host",
              "props": Object {
                "children": "ADHD",
                "value": "ADHD",
              },
              "ref": null,
              "rendered": "ADHD",
              "type": "option",
            },
            Object {
              "instance": null,
              "key": undefined,
              "nodeType": "host",
              "props": Object {
                "children": "Autism",
                "value": "Autism",
              },
              "ref": null,
              "rendered": "Autism",
              "type": "option",
            },
          ],
          "type": "select",
        },
      ],
      "type": "div",
    },
  ],
  Symbol(enzyme.__options__): Object {
    "adapter": ReactSixteenAdapter {
      "options": Object {
        "enableComponentDidUpdateOnSetState": true,
        "lifecycles": Object {
          "componentDidUpdate": Object {
            "onSetState": true,
          },
          "getDerivedStateFromProps": true,
          "getSnapshotBeforeUpdate": true,
          "setState": Object {
            "skipsComponentDidUpdateOnNullish": true,
          },
        },
      },
    },
  },
}
`;
