// Jest Snapshot v1, https://goo.gl/fbAQLP

exports[`About should match the snapshot 1`] = `
ShallowWrapper {
  Symbol(enzyme.__root__): [Circular],
  Symbol(enzyme.__unrendered__): <Page404 />,
  Symbol(enzyme.__renderer__): Object {
    "batchedUpdates": [Function],
    "getNode": [Function],
    "render": [Function],
    "simulateError": [Function],
    "simulateEvent": [Function],
    "unmount": [Function],
  },
  Symbol(enzyme.__node__): Object {
    "instance": null,
    "key": undefined,
    "nodeType": "host",
    "props": Object {
      "children": Array [
        <h1>
          This page does not exist
        </h1>,
        <a
          href="/"
        >
          Return Home
        </a>,
        <img
          alt="Kirby hacking"
          src="https://media.giphy.com/media/uQkKavfX6TER2/giphy.gif"
        />,
      ],
      "className": "four-oh-four",
    },
    "ref": null,
    "rendered": Array [
      Object {
        "instance": null,
        "key": undefined,
        "nodeType": "host",
        "props": Object {
          "children": "This page does not exist",
        },
        "ref": null,
        "rendered": "This page does not exist",
        "type": "h1",
      },
      Object {
        "instance": null,
        "key": undefined,
        "nodeType": "host",
        "props": Object {
          "children": "Return Home",
          "href": "/",
        },
        "ref": null,
        "rendered": "Return Home",
        "type": "a",
      },
      Object {
        "instance": null,
        "key": undefined,
        "nodeType": "host",
        "props": Object {
          "alt": "Kirby hacking",
          "src": "https://media.giphy.com/media/uQkKavfX6TER2/giphy.gif",
        },
        "ref": null,
        "rendered": null,
        "type": "img",
      },
    ],
    "type": "div",
  },
  Symbol(enzyme.__nodes__): Array [
    Object {
      "instance": null,
      "key": undefined,
      "nodeType": "host",
      "props": Object {
        "children": Array [
          <h1>
            This page does not exist
          </h1>,
          <a
            href="/"
          >
            Return Home
          </a>,
          <img
            alt="Kirby hacking"
            src="https://media.giphy.com/media/uQkKavfX6TER2/giphy.gif"
          />,
        ],
        "className": "four-oh-four",
      },
      "ref": null,
      "rendered": Array [
        Object {
          "instance": null,
          "key": undefined,
          "nodeType": "host",
          "props": Object {
            "children": "This page does not exist",
          },
          "ref": null,
          "rendered": "This page does not exist",
          "type": "h1",
        },
        Object {
          "instance": null,
          "key": undefined,
          "nodeType": "host",
          "props": Object {
            "children": "Return Home",
            "href": "/",
          },
          "ref": null,
          "rendered": "Return Home",
          "type": "a",
        },
        Object {
          "instance": null,
          "key": undefined,
          "nodeType": "host",
          "props": Object {
            "alt": "Kirby hacking",
            "src": "https://media.giphy.com/media/uQkKavfX6TER2/giphy.gif",
          },
          "ref": null,
          "rendered": null,
          "type": "img",
        },
      ],
      "type": "div",
    },
  ],
  Symbol(enzyme.__options__): Object {
    "adapter": ReactSixteenAdapter {
      "options": Object {
        "enableComponentDidUpdateOnSetState": true,
        "lifecycles": Object {
          "componentDidUpdate": Object {
            "onSetState": true,
          },
          "getDerivedStateFromProps": true,
          "getSnapshotBeforeUpdate": true,
          "setState": Object {
            "skipsComponentDidUpdateOnNullish": true,
          },
        },
      },
    },
  },
}
`;
